TLC2 Version 2.19 of 08 August 2024 (rev: 5a47802)
Running breadth-first search Model-Checking with fp 43 and seed 8051979534156985899 with 4 workers on 24 cores with 1963MB heap and 64MB offheap memory [pid: 54541] (Mac OS X 26.6.2 aarch64, Homebrew 23.0.2 x86_64, MSBDiskFPSet, DiskStateQueue).
Parsing file DevheadGuard.tla
Parsing file Naturals.tla
Parsing file FiniteSets.tla
Parsing file TLC.tla
Parsing file Sequences.tla
Semantic processing of module Naturals
Semantic processing of module Sequences
Semantic processing of module FiniteSets
Semantic processing of module TLC
Semantic processing of module DevheadGuard
Starting... (2026-09-28 21:51:09)
Implied-temporal checking--satisfiability problem has 1 branches.
Computing initial states...
Computed 2 initial states...
Finished computing initial states: 4 distinct states generated at 2026-09-28 21:51:09.
Checking temporal properties for the current state space with 84542 total distinct states at (2026-09-28 21:51:13)
Finished checking temporal properties in 00s at 2026-09-28 21:51:14
Progress(13) at 2026-09-28 21:51:14: 248,774 states generated (248,774 s/min), 84,542 distinct states found (84,542 ds/min), 28,881 states left on queue.
Progress(30) at 2026-09-28 21:51:27: 1,263,588 states generated, 531,792 distinct states found, 0 states left on queue.
Checking temporal properties for the complete state space with 531792 total distinct states at (2026-09-28 21:51:27)
Finished checking temporal properties in 08s at 2026-09-28 21:51:35
Model checking completed. No error has been found.
  Estimates of the probability that TLC did not check all reachable states
  because two distinct states had the same fingerprint:
  calculated (optimistic):  val = 2.1E-8
  based on the actual fingerprints:  val = 3.2E-9
1263588 states generated, 531792 distinct states found, 0 states left on queue.
The depth of the complete state graph search is 30.
The average outdegree of the complete state graph is 1 (minimum is 0, the maximum 8 and the 95th percentile is 2).
Finished in 26s at (2026-09-28 21:51:35)
