TLC2 Version 2026.09.25.163503 (rev: 8f4bc8b)
Running breadth-first search Model-Checking with fp 48 and seed -2675193807815400486 with 2 workers on 24 cores with 1963MB heap and 64MB offheap memory [pid: 72194] (Mac OS X 26.6.2 aarch64, Homebrew 23.0.2 64bit, MSBDiskFPSet, DiskStateQueue).
Parsing file DurableEvidenceDelivery.tla
Parsing file Naturals.tla (jar:file:/private/tmp/omn-20071-tla/tla2tools-1.8.0.jar!/tla2sany/StandardModules/Naturals.tla)
Parsing file TLC.tla (jar:file:/private/tmp/omn-20071-tla/tla2tools-1.8.0.jar!/tla2sany/StandardModules/TLC.tla)
Parsing file _TLCTrace.tla (jar:file:/private/tmp/omn-20071-tla/tla2tools-1.8.0.jar!/tla2sany/StandardModules/_TLCTrace.tla)
Parsing file Sequences.tla (jar:file:/private/tmp/omn-20071-tla/tla2tools-1.8.0.jar!/tla2sany/StandardModules/Sequences.tla)
Parsing file FiniteSets.tla (jar:file:/private/tmp/omn-20071-tla/tla2tools-1.8.0.jar!/tla2sany/StandardModules/FiniteSets.tla)
Parsing file TLCExt.tla (jar:file:/private/tmp/omn-20071-tla/tla2tools-1.8.0.jar!/tla2sany/StandardModules/TLCExt.tla)
Parsing file Integers.tla (jar:file:/private/tmp/omn-20071-tla/tla2tools-1.8.0.jar!/tla2sany/StandardModules/Integers.tla)
Semantic processing of module Naturals
Semantic processing of module Sequences
Semantic processing of module FiniteSets
Semantic processing of module TLC
Semantic processing of module Integers
Semantic processing of module TLCExt
Semantic processing of module _TLCTrace
Semantic processing of module DurableEvidenceDelivery
Linting of module TLCExt
Linting of module _TLCTrace
Linting of module DurableEvidenceDelivery
Starting... (2026-09-29 09:51:27)
Computing initial states...
Finished computing initial states: 1 distinct state generated at 2026-09-29 09:51:27.
Error: Invariant DispatchUsesRecordedIntent is violated.
Error: The behavior up to this point is:
State 1: <Initial predicate>
/\ selectedAttempt = 0
/\ dispatchWasStale = <<FALSE, FALSE>>
/\ attemptState = <<"NOT_STARTED", "NOT_STARTED">>
/\ historyRetained = <<TRUE, TRUE>>
/\ intentRevision = <<0, 0>>
/\ nextSequence = 1
/\ currentRevision = 1
/\ artifact = <<"NONE", "NONE">>
/\ lostBeforeConfirmation = <<FALSE, FALSE>>
/\ result = <<"NONE", "NONE">>
/\ intentSubject = <<"NONE", "NONE">>
/\ admitted = FALSE
/\ logicalDeliveries = <<0, 0>>
/\ cleanupCount = <<0, 0>>

State 2: <Dispatch(1) line 96, col 5 to line 109, col 74 of module DurableEvidenceDelivery>
/\ selectedAttempt = 0
/\ dispatchWasStale = <<TRUE, FALSE>>
/\ attemptState = <<"RUNNING", "NOT_STARTED">>
/\ historyRetained = <<TRUE, TRUE>>
/\ intentRevision = <<0, 0>>
/\ nextSequence = 1
/\ currentRevision = 1
/\ artifact = <<"NONE", "NONE">>
/\ lostBeforeConfirmation = <<FALSE, FALSE>>
/\ result = <<"NONE", "NONE">>
/\ intentSubject = <<"NONE", "NONE">>
/\ admitted = FALSE
/\ logicalDeliveries = <<1, 0>>
/\ cleanupCount = <<0, 0>>

9 states generated, 8 distinct states found, 4 states left on queue.
The depth of the complete state graph search is 3.
Finished in 00s at (2026-09-29 09:51:27)
Trace exploration spec path: ./DurableEvidenceDelivery_TTrace_1790689887.tla
