TLC2 Version 2.19 of 08 August 2024 (rev: 5a47802)
Warning: Please run the Java VM which executes TLC with a throughput optimized garbage collector by passing the "-XX:+UseParallelGC" property.
(Use the -nowarning option to disable this warning.)
Running breadth-first search Model-Checking with fp 9 and seed -6029670409660245322 with 4 workers on 32 cores with 23552MB heap and 64MB offheap memory [pid: 1] (Linux 7.0.0-34-generic amd64, Eclipse Adoptium 17.0.20.1 x86_64, MSBDiskFPSet, DiskStateQueue).
Parsing file /m/DelegationReaper.tla
Parsing file /tmp/Integers.tla
Parsing file /tmp/FiniteSets.tla
Parsing file /tmp/Naturals.tla
Parsing file /tmp/Sequences.tla
Semantic processing of module Naturals
Semantic processing of module Integers
Semantic processing of module Sequences
Semantic processing of module FiniteSets
Semantic processing of module DelegationReaper
Starting... (2026-10-02 13:56:24)
Implied-temporal checking--satisfiability problem has 2 branches.
Computing initial states...
Finished computing initial states: 1 distinct state generated at 2026-10-02 13:56:24.
Checking 2 branches of temporal properties for the current state space with 196330 total distinct states at (2026-10-02 13:56:27)
Finished checking temporal properties in 00s at 2026-10-02 13:56:28
Progress(13) at 2026-10-02 13:56:28: 369,612 states generated (369,612 s/min), 98,165 distinct states found (98,165 ds/min), 45,407 states left on queue.
Checking 2 branches of temporal properties for the current state space with 3544402 total distinct states at (2026-10-02 13:57:28)
Finished checking temporal properties in 22s at 2026-10-02 13:57:50
Progress(21) at 2026-10-02 13:57:50: 9,107,780 states generated (8,738,168 s/min), 1,772,202 distinct states found (1,674,037 ds/min), 198,312 states left on queue.
Progress(24) at 2026-10-02 13:57:59: 10,382,528 states generated, 1,961,564 distinct states found, 0 states left on queue.
Checking 2 branches of temporal properties for the complete state space with 3923128 total distinct states at (2026-10-02 13:57:59)
Finished checking temporal properties in 29s at 2026-10-02 13:58:28
Model checking completed. No error has been found.
  Estimates of the probability that TLC did not check all reachable states
  because two distinct states had the same fingerprint:
  calculated (optimistic):  val = 9.0E-7
  based on the actual fingerprints:  val = 2.5E-6
10382528 states generated, 1961564 distinct states found, 0 states left on queue.
The depth of the complete state graph search is 24.
The average outdegree of the complete state graph is 1 (minimum is 0, the maximum 10 and the 95th percentile is 3).
Finished in 02min 04s at (2026-10-02 13:58:28)
