TLC2 Version 2.19 of 08 August 2024 (rev: 5a47802)
Warning: Please run the Java VM which executes TLC with a throughput optimized garbage collector by passing the "-XX:+UseParallelGC" property.
(Use the -nowarning option to disable this warning.)
Running breadth-first search Model-Checking with fp 27 and seed 6661738191751362161 with 4 workers on 32 cores with 23552MB heap and 64MB offheap memory [pid: 1] (Linux 7.0.0-34-generic amd64, Eclipse Adoptium 17.0.20.1 x86_64, MSBDiskFPSet, DiskStateQueue).
Parsing file /m/DelegationReaper.tla
Parsing file /tmp/Integers.tla
Parsing file /tmp/FiniteSets.tla
Parsing file /tmp/Naturals.tla
Parsing file /tmp/Sequences.tla
Semantic processing of module Naturals
Semantic processing of module Integers
Semantic processing of module Sequences
Semantic processing of module FiniteSets
Semantic processing of module DelegationReaper
Starting... (2026-10-02 13:58:40)
Implied-temporal checking--satisfiability problem has 2 branches.
Computing initial states...
Finished computing initial states: 1 distinct state generated at 2026-10-02 13:58:41.
Checking 2 branches of temporal properties for the current state space with 278556 total distinct states at (2026-10-02 13:58:44)
Error: Temporal properties were violated.

Error: The following behavior constitutes a counter-example:

State 1: <Initial predicate>
/\ now = 0
/\ pc = [w1 |-> "idle", w2 |-> "idle", w3 |-> "idle", w4 |-> "idle"]
/\ slot = [k1 |-> <<"none", "none">>]
/\ copied = [k1 |-> FALSE]
/\ reapSeen = [k1 |-> FALSE]
/\ first = [k1 |-> "none"]
/\ claimRow = [k1 |-> FALSE]
/\ pub = {}
/\ kindOf = [w1 |-> "none", w2 |-> "none", w3 |-> "none", w4 |-> "none"]
/\ reapT = [k1 |-> -1]
/\ evid = [k1 |-> {}]

State 2: <ClaimA line 110, col 3 to line 116, col 65 of module DelegationReaper>
/\ now = 0
/\ pc = [w1 |-> "idle", w2 |-> "mid", w3 |-> "idle", w4 |-> "idle"]
/\ slot = [k1 |-> <<"none", "none">>]
/\ copied = [k1 |-> FALSE]
/\ reapSeen = [k1 |-> FALSE]
/\ first = [k1 |-> "none"]
/\ claimRow = [k1 |-> FALSE]
/\ pub = {}
/\ kindOf = [w1 |-> "none", w2 |-> "none", w3 |-> "none", w4 |-> "none"]
/\ reapT = [k1 |-> 0]
/\ evid = [k1 |-> {}]

State 3: <ClaimA line 110, col 3 to line 116, col 65 of module DelegationReaper>
/\ now = 0
/\ pc = [w1 |-> "idle", w2 |-> "mid", w3 |-> "idle", w4 |-> "mid"]
/\ slot = [k1 |-> <<"none", "none">>]
/\ copied = [k1 |-> FALSE]
/\ reapSeen = [k1 |-> FALSE]
/\ first = [k1 |-> "none"]
/\ claimRow = [k1 |-> FALSE]
/\ pub = {}
/\ kindOf = [w1 |-> "none", w2 |-> "none", w3 |-> "none", w4 |-> "none"]
/\ reapT = [k1 |-> 0]
/\ evid = [k1 |-> {}]

State 4: <ClaimB line 121, col 3 to line 126, col 65 of module DelegationReaper>
/\ now = 0
/\ pc = [w1 |-> "idle", w2 |-> "mid", w3 |-> "idle", w4 |-> "running"]
/\ slot = [k1 |-> <<"none", "none">>]
/\ copied = [k1 |-> FALSE]
/\ reapSeen = [k1 |-> FALSE]
/\ first = [k1 |-> "c2"]
/\ claimRow = [k1 |-> TRUE]
/\ pub = {}
/\ kindOf = [w1 |-> "none", w2 |-> "none", w3 |-> "none", w4 |-> "none"]
/\ reapT = [k1 |-> 0]
/\ evid = [k1 |-> {}]

State 5: <Tick line 92, col 3 to line 94, col 88 of module DelegationReaper>
/\ now = 1
/\ pc = [w1 |-> "idle", w2 |-> "mid", w3 |-> "idle", w4 |-> "running"]
/\ slot = [k1 |-> <<"none", "none">>]
/\ copied = [k1 |-> FALSE]
/\ reapSeen = [k1 |-> FALSE]
/\ first = [k1 |-> "c2"]
/\ claimRow = [k1 |-> TRUE]
/\ pub = {}
/\ kindOf = [w1 |-> "none", w2 |-> "none", w3 |-> "none", w4 |-> "none"]
/\ reapT = [k1 |-> 0]
/\ evid = [k1 |-> {}]

State 6: <ClaimB line 121, col 3 to line 126, col 65 of module DelegationReaper>
/\ now = 1
/\ pc = [w1 |-> "idle", w2 |-> "running", w3 |-> "idle", w4 |-> "running"]
/\ slot = [k1 |-> <<"none", "none">>]
/\ copied = [k1 |-> FALSE]
/\ reapSeen = [k1 |-> FALSE]
/\ first = [k1 |-> "c2"]
/\ claimRow = [k1 |-> TRUE]
/\ pub = {}
/\ kindOf = [w1 |-> "none", w2 |-> "none", w3 |-> "none", w4 |-> "none"]
/\ reapT = [k1 |-> 0]
/\ evid = [k1 |-> {}]

State 7: <Tick line 92, col 3 to line 94, col 88 of module DelegationReaper>
/\ now = 2
/\ pc = [w1 |-> "idle", w2 |-> "running", w3 |-> "idle", w4 |-> "running"]
/\ slot = [k1 |-> <<"none", "none">>]
/\ copied = [k1 |-> FALSE]
/\ reapSeen = [k1 |-> FALSE]
/\ first = [k1 |-> "c2"]
/\ claimRow = [k1 |-> TRUE]
/\ pub = {}
/\ kindOf = [w1 |-> "none", w2 |-> "none", w3 |-> "none", w4 |-> "none"]
/\ reapT = [k1 |-> 0]
/\ evid = [k1 |-> {}]

State 8: <Finish line 139, col 3 to line 142, col 81 of module DelegationReaper>
/\ now = 2
/\ pc = [w1 |-> "idle", w2 |-> "finished", w3 |-> "idle", w4 |-> "running"]
/\ slot = [k1 |-> <<"none", "none">>]
/\ copied = [k1 |-> FALSE]
/\ reapSeen = [k1 |-> FALSE]
/\ first = [k1 |-> "c2"]
/\ claimRow = [k1 |-> TRUE]
/\ pub = {}
/\ kindOf = [w1 |-> "none", w2 |-> "timeout", w3 |-> "none", w4 |-> "none"]
/\ reapT = [k1 |-> 0]
/\ evid = [k1 |-> {}]

State 9: <Record line 156, col 3 to line 166, col 72 of module DelegationReaper>
/\ now = 2
/\ pc = [w1 |-> "idle", w2 |-> "recorded", w3 |-> "idle", w4 |-> "running"]
/\ slot = [k1 |-> <<"timeout", "w2">>]
/\ copied = [k1 |-> FALSE]
/\ reapSeen = [k1 |-> FALSE]
/\ first = [k1 |-> "c2"]
/\ claimRow = [k1 |-> TRUE]
/\ pub = {}
/\ kindOf = [w1 |-> "none", w2 |-> "timeout", w3 |-> "none", w4 |-> "none"]
/\ reapT = [k1 |-> 0]
/\ evid = [k1 |-> {}]

State 10: <ClaimA line 110, col 3 to line 116, col 65 of module DelegationReaper>
/\ now = 2
/\ pc = [w1 |-> "mid", w2 |-> "recorded", w3 |-> "idle", w4 |-> "running"]
/\ slot = [k1 |-> <<"timeout", "w2">>]
/\ copied = [k1 |-> FALSE]
/\ reapSeen = [k1 |-> FALSE]
/\ first = [k1 |-> "c2"]
/\ claimRow = [k1 |-> TRUE]
/\ pub = {}
/\ kindOf = [w1 |-> "none", w2 |-> "timeout", w3 |-> "none", w4 |-> "none"]
/\ reapT = [k1 |-> 0]
/\ evid = [k1 |-> {}]

State 11: <Handoff line 171, col 3 to line 175, col 76 of module DelegationReaper>
/\ now = 2
/\ pc = [w1 |-> "mid", w2 |-> "done", w3 |-> "idle", w4 |-> "running"]
/\ slot = [k1 |-> <<"timeout", "w2">>]
/\ copied = [k1 |-> TRUE]
/\ reapSeen = [k1 |-> FALSE]
/\ first = [k1 |-> "c2"]
/\ claimRow = [k1 |-> TRUE]
/\ pub = {<<"c2", "timeout", "w2">>}
/\ kindOf = [w1 |-> "none", w2 |-> "timeout", w3 |-> "none", w4 |-> "none"]
/\ reapT = [k1 |-> 0]
/\ evid = [k1 |-> {}]

State 12: <Tick line 92, col 3 to line 94, col 88 of module DelegationReaper>
/\ now = 3
/\ pc = [w1 |-> "mid", w2 |-> "done", w3 |-> "idle", w4 |-> "running"]
/\ slot = [k1 |-> <<"timeout", "w2">>]
/\ copied = [k1 |-> TRUE]
/\ reapSeen = [k1 |-> FALSE]
/\ first = [k1 |-> "c2"]
/\ claimRow = [k1 |-> TRUE]
/\ pub = {<<"c2", "timeout", "w2">>}
/\ kindOf = [w1 |-> "none", w2 |-> "timeout", w3 |-> "none", w4 |-> "none"]
/\ reapT = [k1 |-> 0]
/\ evid = [k1 |-> {}]

State 13: Stuttering
Finished checking temporal properties in 00s at 2026-10-02 13:58:44
519248 states generated, 139278 distinct states found, 63466 states left on queue.
Finished in 03s at (2026-10-02 13:58:44)
