TLC2 Version 2.19 of 08 August 2024 (rev: 5a47802)
Warning: Please run the Java VM which executes TLC with a throughput optimized garbage collector by passing the "-XX:+UseParallelGC" property.
(Use the -nowarning option to disable this warning.)
Running breadth-first search Model-Checking with fp 44 and seed 1942559804457333402 with 4 workers on 32 cores with 23552MB heap and 64MB offheap memory [pid: 1] (Linux 7.0.0-34-generic amd64, Eclipse Adoptium 17.0.20.1 x86_64, MSBDiskFPSet, DiskStateQueue).
Parsing file /m/DelegationReaper.tla
Parsing file /tmp/Integers.tla
Parsing file /tmp/FiniteSets.tla
Parsing file /tmp/Naturals.tla
Parsing file /tmp/Sequences.tla
Semantic processing of module Naturals
Semantic processing of module Integers
Semantic processing of module Sequences
Semantic processing of module FiniteSets
Semantic processing of module DelegationReaper
Starting... (2026-10-02 13:59:02)
Computing initial states...
Finished computing initial states: 1 distinct state generated at 2026-10-02 13:59:02.
Error: Action property ClaimTimeFixed is violated.
Error: The behavior up to this point is:
State 1: <Initial predicate>
/\ now = 0
/\ pc = [w1 |-> "idle", w2 |-> "idle", w3 |-> "idle", w4 |-> "idle"]
/\ slot = [c1 |-> <<"none", "none">>, c2 |-> <<"none", "none">>]
/\ copied = [c1 |-> FALSE, c2 |-> FALSE]
/\ reapSeen = [c1 |-> FALSE, c2 |-> FALSE]
/\ first = [c1 |-> "none", c2 |-> "none"]
/\ claimRow = [c1 |-> FALSE, c2 |-> FALSE]
/\ pub = {}
/\ kindOf = [w1 |-> "none", w2 |-> "none", w3 |-> "none", w4 |-> "none"]
/\ reapT = [c1 |-> -1, c2 |-> -1]
/\ evid = [c1 |-> {}, c2 |-> {}]

State 2: <Tick line 92, col 3 to line 94, col 88 of module DelegationReaper>
/\ now = 1
/\ pc = [w1 |-> "idle", w2 |-> "idle", w3 |-> "idle", w4 |-> "idle"]
/\ slot = [c1 |-> <<"none", "none">>, c2 |-> <<"none", "none">>]
/\ copied = [c1 |-> FALSE, c2 |-> FALSE]
/\ reapSeen = [c1 |-> FALSE, c2 |-> FALSE]
/\ first = [c1 |-> "none", c2 |-> "none"]
/\ claimRow = [c1 |-> FALSE, c2 |-> FALSE]
/\ pub = {}
/\ kindOf = [w1 |-> "none", w2 |-> "none", w3 |-> "none", w4 |-> "none"]
/\ reapT = [c1 |-> -1, c2 |-> -1]
/\ evid = [c1 |-> {}, c2 |-> {}]

State 3: <ClaimA line 110, col 3 to line 116, col 65 of module DelegationReaper>
/\ now = 1
/\ pc = [w1 |-> "mid", w2 |-> "idle", w3 |-> "idle", w4 |-> "idle"]
/\ slot = [c1 |-> <<"none", "none">>, c2 |-> <<"none", "none">>]
/\ copied = [c1 |-> FALSE, c2 |-> FALSE]
/\ reapSeen = [c1 |-> FALSE, c2 |-> FALSE]
/\ first = [c1 |-> "none", c2 |-> "none"]
/\ claimRow = [c1 |-> FALSE, c2 |-> FALSE]
/\ pub = {}
/\ kindOf = [w1 |-> "none", w2 |-> "none", w3 |-> "none", w4 |-> "none"]
/\ reapT = [c1 |-> 1, c2 |-> -1]
/\ evid = [c1 |-> {}, c2 |-> {}]

State 4: <Tick line 92, col 3 to line 94, col 88 of module DelegationReaper>
/\ now = 2
/\ pc = [w1 |-> "mid", w2 |-> "idle", w3 |-> "idle", w4 |-> "idle"]
/\ slot = [c1 |-> <<"none", "none">>, c2 |-> <<"none", "none">>]
/\ copied = [c1 |-> FALSE, c2 |-> FALSE]
/\ reapSeen = [c1 |-> FALSE, c2 |-> FALSE]
/\ first = [c1 |-> "none", c2 |-> "none"]
/\ claimRow = [c1 |-> FALSE, c2 |-> FALSE]
/\ pub = {}
/\ kindOf = [w1 |-> "none", w2 |-> "none", w3 |-> "none", w4 |-> "none"]
/\ reapT = [c1 |-> 1, c2 |-> -1]
/\ evid = [c1 |-> {}, c2 |-> {}]

State 5: <ClaimA line 110, col 3 to line 116, col 65 of module DelegationReaper>
/\ now = 2
/\ pc = [w1 |-> "mid", w2 |-> "mid", w3 |-> "idle", w4 |-> "idle"]
/\ slot = [c1 |-> <<"none", "none">>, c2 |-> <<"none", "none">>]
/\ copied = [c1 |-> FALSE, c2 |-> FALSE]
/\ reapSeen = [c1 |-> FALSE, c2 |-> FALSE]
/\ first = [c1 |-> "none", c2 |-> "none"]
/\ claimRow = [c1 |-> FALSE, c2 |-> FALSE]
/\ pub = {}
/\ kindOf = [w1 |-> "none", w2 |-> "none", w3 |-> "none", w4 |-> "none"]
/\ reapT = [c1 |-> 2, c2 |-> -1]
/\ evid = [c1 |-> {}, c2 |-> {}]

113 states generated, 80 distinct states found, 58 states left on queue.
The depth of the complete state graph search is 5.
The average outdegree of the complete state graph is 4 (minimum is 0, the maximum 6 and the 95th percentile is 6).
Finished in 00s at (2026-10-02 13:59:02)
